// Jest Snapshot v1, https://goo.gl/fbAQLP

exports[`<Sentinel /> Snapshot of Sentinel 1`] = `
<DocumentFragment>
  <h1>
    Sentinel
  </h1>
  <p>
    Sentinel is a Turris threat detection and attack prevention system, which provides dynamic firewall and statistics. Here you can set up several Sentinel components which take part in the threat detection subsystem.
  </p>
  <div
    id="sentinel-state"
  >
    <div
      class="card p-4 col-sm-12 col-lg-12 p-0 mb-4"
    >
      <h2>
        Sentinel State
      </h2>
      <p>
        To view Sentinel data, please visit 
        <a
          href="https://view.sentinel.turris.cz"
          rel="noopener noreferer"
          target="_blank"
        >
          Sentinel View
          <sup>
            <i
              class="fas fa-external-link-alt fa-xs ml-1"
            />
          </sup>
        </a>
        . There you can also see and filter 
        <a
          href="https://view.sentinel.turris.cz/api/device/add?token=random_token"
          rel="noopener noreferer"
          target="_blank"
        >
          data specific for your device
          <sup>
            <i
              class="fas fa-external-link-alt fa-xs ml-1"
            />
          </sup>
        </a>
        .
      </p>
      <div
        class="row no-gutters justify-content-center"
      >
        <div
          class="col-md-6 d-flex flex-column align-items-center justify-content-center mt-3 mt-md-0"
        >
          <span
            class="text-success"
          >
            <i
              class="fas fa-database fa-5x mb-1"
              title="Status: Running"
            />
          </span>
          <p
            class="h4 mt-3"
          >
            Sentinel
          </p>
        </div>
        <div
          class="col-md-6"
        >
          <div
            class="card-body"
          >
            <div
              class="table-responsive"
            >
              <table
                class="table table-borderless table-hover mb-0"
              >
                <tbody>
                  <tr>
                    <th
                      scope="row"
                    >
                      Sentinel Proxy
                    </th>
                    <td>
                      <span
                        class="text-success"
                      >
                        <i
                          class="fas fa-check"
                        />
                      </span>
                    </td>
                    <td
                      class="text-center"
                    >
                      <span
                        class="badge badge-success"
                        title="Status: Running"
                      >
                        Running
                      </span>
                    </td>
                  </tr>
                  <tr>
                    <th
                      scope="row"
                    >
                      Firewall Logs
                    </th>
                    <td>
                      <span
                        class="text-warning"
                      >
                        <i
                          class="fas fa-exclamation-triangle"
                        />
                      </span>
                    </td>
                    <td
                      class="text-center"
                    >
                      <span
                        class="badge badge-warning"
                        title="Status: Disabled"
                      >
                        Disabled
                      </span>
                    </td>
                  </tr>
                  <tr>
                    <th
                      scope="row"
                    >
                      Minipots
                    </th>
                    <td>
                      <span
                        class="text-warning"
                      >
                        <i
                          class="fas fa-exclamation-triangle"
                        />
                      </span>
                    </td>
                    <td
                      class="text-center"
                    >
                      <span
                        class="badge badge-warning"
                        title="Status: Disabled"
                      >
                        Disabled
                      </span>
                    </td>
                  </tr>
                  <tr>
                    <th
                      scope="row"
                    >
                      Survey
                    </th>
                    <td>
                      <span
                        class="text-warning"
                      >
                        <i
                          class="fas fa-exclamation-triangle"
                        />
                      </span>
                    </td>
                    <td
                      class="text-center"
                    >
                      <span
                        class="badge badge-warning"
                        title="Status: Disabled"
                      >
                        Disabled
                      </span>
                    </td>
                  </tr>
                </tbody>
              </table>
            </div>
          </div>
        </div>
      </div>
      <div
        class="form-group"
      >
        <label
          for="4"
        >
          Device token
        </label>
        <div
          class="input-group"
        >
          <input
            class="form-control"
            id="4"
            readonly=""
            type="text"
            value="random_token"
          />
          <div
            class="input-group-append"
          >
            <button
              class="btn btn-outline-secondary"
              type="button"
            >
              <span>
                Copy
              </span>
            </button>
          </div>
        </div>
        <small
          class="form-text text-muted"
        >
          That token allows you to access statistics from your device on Sentinel View.
        </small>
      </div>
    </div>
  </div>
  <div
    class="card p-4 col-sm-12 col-lg-12 p-0 mb-4"
  >
    <form>
      <h2>
        Sentinel Components
      </h2>
      <p>
        You can select specific components that you want to enable or disable.
      </p>
      <div
        class="form-group"
      >
        <div
          class="custom-control custom-switch"
        >
          <input
            class="custom-control-input"
            id="1"
            type="checkbox"
          />
          <label
            class="custom-control-label"
            for="1"
          >
            Enable Firewall Logs
          </label>
          <small
            class="form-text text-muted mt-0 mb-3"
          >
            Firewall Logs are logs gathered from iptables firewall. If enabled, Sentinel uses them to monitor packets coming from outside network and trying to connect to potentially vulnerable local services. These techniques, also known as "port scans" usually try to detect whether specific ports are opened on local device. If enabled, Sentinel Firewall Logs gather information about origin of such malicious packets and about ports they try to scan on local device.
          </small>
        </div>
      </div>
      <div
        class="form-group"
      >
        <div
          class="custom-control custom-switch"
        >
          <input
            class="custom-control-input"
            id="2"
            type="checkbox"
          />
          <label
            class="custom-control-label"
            for="2"
          >
            Enable Minipots
          </label>
          <small
            class="form-text text-muted mt-0 mb-3"
          >
            The main purpose of the Sentinel Minipot is to collect authentication information from the login attempts. It is possible to emulate some of the often attacked services - Telnet, HTTP, FTP, and SMTP. The goal is to catch the attacker red-handed when they think they are attacking a real service.
          </small>
        </div>
      </div>
      <div
        class="form-group"
      >
        <div
          class="custom-control custom-switch"
        >
          <input
            class="custom-control-input"
            id="3"
            type="checkbox"
          />
          <label
            class="custom-control-label"
            for="3"
          >
            Enable Survey
          </label>
          <small
            class="form-text text-muted mt-0 mb-3"
          >
            The Turris survey collects information about installed packages, used languages, and operating system versions. Based on this, we can focus on widely used packages and features and provide support.
          </small>
        </div>
      </div>
      <div
        class="text-right"
      >
        <button
          class="btn btn-primary  col-sm-12 col-md-3 col-lg-2"
          type="submit"
        >
          Save
        </button>
      </div>
    </form>
  </div>
</DocumentFragment>
`;
